// Jest Snapshot v1, https://goo.gl/fbAQLP

exports[`demo 1`] = `
{
  "name": "test",
  "returnValue": 777,
  "triggered": true,
}
`;
